exports[`test something 1`] = `
<h1>
  Whoops! There is nothing to see here
</h1>
`;
