exports[`test sample 1`] = `
<BrowserRouter>
  <div>
    <Header />
    <div
      className="container">
      <Routes />
    </div>
  </div>
</BrowserRouter>
`;
